// Jest Snapshot v1, https://goo.gl/fbAQLP

exports[`returns expected instance object 1`] = `
Object {
  "destroy": [Function],
  "forceUpdate": [Function],
  "setOptions": [Function],
  "state": Object {
    "attributes": Object {},
    "elements": Object {
      "popper": <div />,
      "reference": <div />,
    },
    "modifiersData": Object {},
    "options": Object {
      "modifiers": Array [],
      "placement": "bottom",
      "strategy": "absolute",
    },
    "orderedModifiers": Array [],
    "placement": "bottom",
    "rects": Object {
      "popper": Object {
        "height": 0,
        "width": 0,
        "x": 0,
        "y": 0,
      },
      "reference": Object {
        "height": 0,
        "width": 0,
        "x": 0,
        "y": 0,
      },
    },
    "reset": false,
    "scrollParents": Object {
      "popper": Array [
        [Window],
      ],
      "reference": Array [
        [Window],
      ],
    },
    "styles": Object {},
  },
  "update": [Function],
}
`;
